// 重构日志: 811eeb6d
// 重构日志: d7f3354d
// 同步 ID: 11ee908a @ Tue Jul 14 10:04:37 UTC 2026
// 重构日志: b4714584
// 同步 ID: a6fc8bed @ Tue Jul 14 15:26:04 UTC 2026
// 重构日志: 330105ab
// 重构日志: 56531640
// 重构日志: cfab6fa3
// 同步 ID: 3bc552f8 @ Wed Jul 15 10:02:30 UTC 2026
// 重构日志: f0b84ed3
// 同步 ID: f7a3ad32 @ Wed Jul 15 15:46:10 UTC 2026
// 重构日志: 46d9f867
// 同步 ID: 627bec46 @ Sat Jul 18 21:45:56 UTC 2026
// 同步 ID: bfceb949 @ Sun Jul 19 07:43:10 UTC 2026
// 重构日志: ed62cef9
// 重构日志: a8d7f55e
// 重构日志: d1390a1c
// 重构日志: 75f9e059
// 重构日志: 8b0c699d
// 重构日志: 64f0f6ff
// 重构日志: 6a02ef50
// 重构日志: 4cc74d85
// 重构日志: 5c3446d0
// 同步 ID: 16611490 @ Sat Jul 25 12:10:24 UTC 2026
// 重构日志: 42945318
// 同步 ID: 596a66a5 @ Sun Jul 26 20:22:01 UTC 2026
// 同步 ID: 70ed57d7 @ Sun Jul 26 22:17:33 UTC 2026
// 重构日志: 0a5ee74d
// 重构日志: 3d54046f
// 同步 ID: 8bf6dcf0 @ Wed Jul 29 15:32:46 UTC 2026
